[0.082s] DEBUG:colcon:Command line arguments: ['/usr/bin/colcon', 'list', '-p', '--base-paths', '/home/tungchiahui/UserFloder/Applications/ros2_ws']
[0.082s] DEBUG:colcon:Parsed command line arguments: Namespace(log_base=None, log_level=None, verb_name='list', build_base='build', ignore_user_meta=False, metas=['./colcon.meta'], base_paths=['/home/tungchiahui/UserFloder/Applications/ros2_ws'], packages_ignore=None, packages_ignore_regex=None, paths=None, packages_up_to=None, packages_up_to_regex=None, packages_above=None, packages_above_and_dependencies=None, packages_above_depth=None, packages_select_by_dep=None, packages_skip_by_dep=None, packages_skip_up_to=None, packages_select_build_failed=False, packages_skip_build_finished=False, packages_select_test_failures=False, packages_skip_test_passed=False, packages_select=None, packages_skip=None, packages_select_regex=None, packages_skip_regex=None, packages_start=None, packages_end=None, allow_overriding=[], topological_order=False, names_only=False, paths_only=True, topological_graph=False, topological_graph_dot=False, topological_graph_density=False, topological_graph_legend=False, topological_graph_dot_cluster=False, topological_graph_dot_include_skipped=False, mixin_files=None, mixin=None, verb_parser=<colcon_mixin.mixin.mixin_argument.MixinArgumentDecorator object at 0x71980f090dd0>, verb_extension=<colcon_package_information.verb.list.ListVerb object at 0x71980f091dc0>, main=<bound method ListVerb.main of <colcon_package_information.verb.list.ListVerb object at 0x71980f091dc0>>, mixin_verb=('list',))
[0.111s] Level 1:colcon.colcon_core.package_discovery:discover_packages(colcon_meta) check parameters
[0.111s] Level 1:colcon.colcon_core.package_discovery:discover_packages(recursive) check parameters
[0.111s] Level 1:colcon.colcon_core.package_discovery:discover_packages(ignore) check parameters
[0.111s] Level 1:colcon.colcon_core.package_discovery:discover_packages(path) check parameters
[0.111s] Level 1:colcon.colcon_core.package_discovery:discover_packages(recursive) discover
[0.111s] INFO:colcon.colcon_core.package_discovery:Crawling recursively for packages in '/home/tungchiahui/UserFloder/Applications/ros2_ws'
[0.111s] Level 1:colcon.colcon_core.package_identification:_identify(/home/tungchiahui/UserFloder/Applications/ros2_ws) by extensions ['ignore', 'ignore_ament_install']
[0.111s] Level 1:colcon.colcon_core.package_identification:_identify(/home/tungchiahui/UserFloder/Applications/ros2_ws) by extension 'ignore'
[0.111s] Level 1:colcon.colcon_core.package_identification:_identify(/home/tungchiahui/UserFloder/Applications/ros2_ws) by extension 'ignore_ament_install'
[0.111s] Level 1:colcon.colcon_core.package_identification:_identify(/home/tungchiahui/UserFloder/Applications/ros2_ws) by extensions ['colcon_pkg']
[0.111s] Level 1:colcon.colcon_core.package_identification:_identify(/home/tungchiahui/UserFloder/Applications/ros2_ws) by extension 'colcon_pkg'
[0.111s] Level 1:colcon.colcon_core.package_identification:_identify(/home/tungchiahui/UserFloder/Applications/ros2_ws) by extensions ['colcon_meta']
[0.111s] Level 1:colcon.colcon_core.package_identification:_identify(/home/tungchiahui/UserFloder/Applications/ros2_ws) by extension 'colcon_meta'
[0.111s] Level 1:colcon.colcon_core.package_identification:_identify(/home/tungchiahui/UserFloder/Applications/ros2_ws) by extensions ['ros']
[0.111s] Level 1:colcon.colcon_core.package_identification:_identify(/home/tungchiahui/UserFloder/Applications/ros2_ws) by extension 'ros'
[0.131s] Level 1:colcon.colcon_core.package_identification:_identify(/home/tungchiahui/UserFloder/Applications/ros2_ws) by extensions ['cmake', 'python']
[0.131s] Level 1:colcon.colcon_core.package_identification:_identify(/home/tungchiahui/UserFloder/Applications/ros2_ws) by extension 'cmake'
[0.131s] Level 1:colcon.colcon_core.package_identification:_identify(/home/tungchiahui/UserFloder/Applications/ros2_ws) by extension 'python'
[0.131s] Level 1:colcon.colcon_core.package_identification:_identify(/home/tungchiahui/UserFloder/Applications/ros2_ws) by extensions ['python_setup_py']
[0.131s] Level 1:colcon.colcon_core.package_identification:_identify(/home/tungchiahui/UserFloder/Applications/ros2_ws) by extension 'python_setup_py'
[0.131s] Level 1:colcon.colcon_core.package_identification:_identify(/home/tungchiahui/UserFloder/Applications/ros2_ws/log) by extensions ['ignore', 'ignore_ament_install']
[0.132s] Level 1:colcon.colcon_core.package_identification:_identify(/home/tungchiahui/UserFloder/Applications/ros2_ws/log) by extension 'ignore'
[0.132s] Level 1:colcon.colcon_core.package_identification:_identify(/home/tungchiahui/UserFloder/Applications/ros2_ws/log) ignored
[0.132s] Level 1:colcon.colcon_core.package_identification:_identify(/home/tungchiahui/UserFloder/Applications/ros2_ws/src) by extensions ['ignore', 'ignore_ament_install']
[0.132s] Level 1:colcon.colcon_core.package_identification:_identify(/home/tungchiahui/UserFloder/Applications/ros2_ws/src) by extension 'ignore'
[0.132s] Level 1:colcon.colcon_core.package_identification:_identify(/home/tungchiahui/UserFloder/Applications/ros2_ws/src) by extension 'ignore_ament_install'
[0.132s] Level 1:colcon.colcon_core.package_identification:_identify(/home/tungchiahui/UserFloder/Applications/ros2_ws/src) by extensions ['colcon_pkg']
[0.132s] Level 1:colcon.colcon_core.package_identification:_identify(/home/tungchiahui/UserFloder/Applications/ros2_ws/src) by extension 'colcon_pkg'
[0.132s] Level 1:colcon.colcon_core.package_identification:_identify(/home/tungchiahui/UserFloder/Applications/ros2_ws/src) by extensions ['colcon_meta']
[0.132s] Level 1:colcon.colcon_core.package_identification:_identify(/home/tungchiahui/UserFloder/Applications/ros2_ws/src) by extension 'colcon_meta'
[0.132s] Level 1:colcon.colcon_core.package_identification:_identify(/home/tungchiahui/UserFloder/Applications/ros2_ws/src) by extensions ['ros']
[0.132s] Level 1:colcon.colcon_core.package_identification:_identify(/home/tungchiahui/UserFloder/Applications/ros2_ws/src) by extension 'ros'
[0.132s] Level 1:colcon.colcon_core.package_identification:_identify(/home/tungchiahui/UserFloder/Applications/ros2_ws/src) by extensions ['cmake', 'python']
[0.132s] Level 1:colcon.colcon_core.package_identification:_identify(/home/tungchiahui/UserFloder/Applications/ros2_ws/src) by extension 'cmake'
[0.132s] Level 1:colcon.colcon_core.package_identification:_identify(/home/tungchiahui/UserFloder/Applications/ros2_ws/src) by extension 'python'
[0.132s] Level 1:colcon.colcon_core.package_identification:_identify(/home/tungchiahui/UserFloder/Applications/ros2_ws/src) by extensions ['python_setup_py']
[0.132s] Level 1:colcon.colcon_core.package_identification:_identify(/home/tungchiahui/UserFloder/Applications/ros2_ws/src) by extension 'python_setup_py'
[0.132s] Level 1:colcon.colcon_core.package_identification:_identify(/home/tungchiahui/UserFloder/Applications/ros2_ws/src/vision_opencv) by extensions ['ignore', 'ignore_ament_install']
[0.132s] Level 1:colcon.colcon_core.package_identification:_identify(/home/tungchiahui/UserFloder/Applications/ros2_ws/src/vision_opencv) by extension 'ignore'
[0.132s] Level 1:colcon.colcon_core.package_identification:_identify(/home/tungchiahui/UserFloder/Applications/ros2_ws/src/vision_opencv) by extension 'ignore_ament_install'
[0.132s] Level 1:colcon.colcon_core.package_identification:_identify(/home/tungchiahui/UserFloder/Applications/ros2_ws/src/vision_opencv) by extensions ['colcon_pkg']
[0.132s] Level 1:colcon.colcon_core.package_identification:_identify(/home/tungchiahui/UserFloder/Applications/ros2_ws/src/vision_opencv) by extension 'colcon_pkg'
[0.132s] Level 1:colcon.colcon_core.package_identification:_identify(/home/tungchiahui/UserFloder/Applications/ros2_ws/src/vision_opencv) by extensions ['colcon_meta']
[0.132s] Level 1:colcon.colcon_core.package_identification:_identify(/home/tungchiahui/UserFloder/Applications/ros2_ws/src/vision_opencv) by extension 'colcon_meta'
[0.132s] Level 1:colcon.colcon_core.package_identification:_identify(/home/tungchiahui/UserFloder/Applications/ros2_ws/src/vision_opencv) by extensions ['ros']
[0.132s] Level 1:colcon.colcon_core.package_identification:_identify(/home/tungchiahui/UserFloder/Applications/ros2_ws/src/vision_opencv) by extension 'ros'
[0.133s] Level 1:colcon.colcon_core.package_identification:_identify(/home/tungchiahui/UserFloder/Applications/ros2_ws/src/vision_opencv) by extensions ['cmake', 'python']
[0.133s] Level 1:colcon.colcon_core.package_identification:_identify(/home/tungchiahui/UserFloder/Applications/ros2_ws/src/vision_opencv) by extension 'cmake'
[0.133s] Level 1:colcon.colcon_core.package_identification:_identify(/home/tungchiahui/UserFloder/Applications/ros2_ws/src/vision_opencv) by extension 'python'
[0.133s] Level 1:colcon.colcon_core.package_identification:_identify(/home/tungchiahui/UserFloder/Applications/ros2_ws/src/vision_opencv) by extensions ['python_setup_py']
[0.133s] Level 1:colcon.colcon_core.package_identification:_identify(/home/tungchiahui/UserFloder/Applications/ros2_ws/src/vision_opencv) by extension 'python_setup_py'
[0.133s] Level 1:colcon.colcon_core.package_identification:_identify(/home/tungchiahui/UserFloder/Applications/ros2_ws/src/vision_opencv/cv_bridge) by extensions ['ignore', 'ignore_ament_install']
[0.133s] Level 1:colcon.colcon_core.package_identification:_identify(/home/tungchiahui/UserFloder/Applications/ros2_ws/src/vision_opencv/cv_bridge) by extension 'ignore'
[0.133s] Level 1:colcon.colcon_core.package_identification:_identify(/home/tungchiahui/UserFloder/Applications/ros2_ws/src/vision_opencv/cv_bridge) by extension 'ignore_ament_install'
[0.133s] Level 1:colcon.colcon_core.package_identification:_identify(/home/tungchiahui/UserFloder/Applications/ros2_ws/src/vision_opencv/cv_bridge) by extensions ['colcon_pkg']
[0.133s] Level 1:colcon.colcon_core.package_identification:_identify(/home/tungchiahui/UserFloder/Applications/ros2_ws/src/vision_opencv/cv_bridge) by extension 'colcon_pkg'
[0.133s] Level 1:colcon.colcon_core.package_identification:_identify(/home/tungchiahui/UserFloder/Applications/ros2_ws/src/vision_opencv/cv_bridge) by extensions ['colcon_meta']
[0.133s] Level 1:colcon.colcon_core.package_identification:_identify(/home/tungchiahui/UserFloder/Applications/ros2_ws/src/vision_opencv/cv_bridge) by extension 'colcon_meta'
[0.133s] Level 1:colcon.colcon_core.package_identification:_identify(/home/tungchiahui/UserFloder/Applications/ros2_ws/src/vision_opencv/cv_bridge) by extensions ['ros']
[0.133s] Level 1:colcon.colcon_core.package_identification:_identify(/home/tungchiahui/UserFloder/Applications/ros2_ws/src/vision_opencv/cv_bridge) by extension 'ros'
[0.136s] DEBUG:colcon.colcon_core.package_identification:Package '/home/tungchiahui/UserFloder/Applications/ros2_ws/src/vision_opencv/cv_bridge' with type 'ros.ament_cmake' and name 'cv_bridge'
[0.136s] Level 1:colcon.colcon_core.package_identification:_identify(/home/tungchiahui/UserFloder/Applications/ros2_ws/src/vision_opencv/image_geometry) by extensions ['ignore', 'ignore_ament_install']
[0.136s] Level 1:colcon.colcon_core.package_identification:_identify(/home/tungchiahui/UserFloder/Applications/ros2_ws/src/vision_opencv/image_geometry) by extension 'ignore'
[0.136s] Level 1:colcon.colcon_core.package_identification:_identify(/home/tungchiahui/UserFloder/Applications/ros2_ws/src/vision_opencv/image_geometry) by extension 'ignore_ament_install'
[0.136s] Level 1:colcon.colcon_core.package_identification:_identify(/home/tungchiahui/UserFloder/Applications/ros2_ws/src/vision_opencv/image_geometry) by extensions ['colcon_pkg']
[0.136s] Level 1:colcon.colcon_core.package_identification:_identify(/home/tungchiahui/UserFloder/Applications/ros2_ws/src/vision_opencv/image_geometry) by extension 'colcon_pkg'
[0.136s] Level 1:colcon.colcon_core.package_identification:_identify(/home/tungchiahui/UserFloder/Applications/ros2_ws/src/vision_opencv/image_geometry) by extensions ['colcon_meta']
[0.136s] Level 1:colcon.colcon_core.package_identification:_identify(/home/tungchiahui/UserFloder/Applications/ros2_ws/src/vision_opencv/image_geometry) by extension 'colcon_meta'
[0.136s] Level 1:colcon.colcon_core.package_identification:_identify(/home/tungchiahui/UserFloder/Applications/ros2_ws/src/vision_opencv/image_geometry) by extensions ['ros']
[0.136s] Level 1:colcon.colcon_core.package_identification:_identify(/home/tungchiahui/UserFloder/Applications/ros2_ws/src/vision_opencv/image_geometry) by extension 'ros'
[0.137s] DEBUG:colcon.colcon_core.package_identification:Package '/home/tungchiahui/UserFloder/Applications/ros2_ws/src/vision_opencv/image_geometry' with type 'ros.ament_cmake' and name 'image_geometry'
[0.137s] Level 1:colcon.colcon_core.package_identification:_identify(/home/tungchiahui/UserFloder/Applications/ros2_ws/src/vision_opencv/opencv_tests) by extensions ['ignore', 'ignore_ament_install']
[0.137s] Level 1:colcon.colcon_core.package_identification:_identify(/home/tungchiahui/UserFloder/Applications/ros2_ws/src/vision_opencv/opencv_tests) by extension 'ignore'
[0.137s] Level 1:colcon.colcon_core.package_identification:_identify(/home/tungchiahui/UserFloder/Applications/ros2_ws/src/vision_opencv/opencv_tests) by extension 'ignore_ament_install'
[0.137s] Level 1:colcon.colcon_core.package_identification:_identify(/home/tungchiahui/UserFloder/Applications/ros2_ws/src/vision_opencv/opencv_tests) by extensions ['colcon_pkg']
[0.137s] Level 1:colcon.colcon_core.package_identification:_identify(/home/tungchiahui/UserFloder/Applications/ros2_ws/src/vision_opencv/opencv_tests) by extension 'colcon_pkg'
[0.137s] Level 1:colcon.colcon_core.package_identification:_identify(/home/tungchiahui/UserFloder/Applications/ros2_ws/src/vision_opencv/opencv_tests) by extensions ['colcon_meta']
[0.137s] Level 1:colcon.colcon_core.package_identification:_identify(/home/tungchiahui/UserFloder/Applications/ros2_ws/src/vision_opencv/opencv_tests) by extension 'colcon_meta'
[0.137s] Level 1:colcon.colcon_core.package_identification:_identify(/home/tungchiahui/UserFloder/Applications/ros2_ws/src/vision_opencv/opencv_tests) by extensions ['ros']
[0.137s] Level 1:colcon.colcon_core.package_identification:_identify(/home/tungchiahui/UserFloder/Applications/ros2_ws/src/vision_opencv/opencv_tests) by extension 'ros'
[0.138s] DEBUG:colcon.colcon_core.package_identification:Package '/home/tungchiahui/UserFloder/Applications/ros2_ws/src/vision_opencv/opencv_tests' with type 'ros.ament_python' and name 'opencv_tests'
[0.138s] Level 1:colcon.colcon_core.package_identification:_identify(/home/tungchiahui/UserFloder/Applications/ros2_ws/src/vision_opencv/vision_opencv) by extensions ['ignore', 'ignore_ament_install']
[0.138s] Level 1:colcon.colcon_core.package_identification:_identify(/home/tungchiahui/UserFloder/Applications/ros2_ws/src/vision_opencv/vision_opencv) by extension 'ignore'
[0.138s] Level 1:colcon.colcon_core.package_identification:_identify(/home/tungchiahui/UserFloder/Applications/ros2_ws/src/vision_opencv/vision_opencv) by extension 'ignore_ament_install'
[0.138s] Level 1:colcon.colcon_core.package_identification:_identify(/home/tungchiahui/UserFloder/Applications/ros2_ws/src/vision_opencv/vision_opencv) by extensions ['colcon_pkg']
[0.138s] Level 1:colcon.colcon_core.package_identification:_identify(/home/tungchiahui/UserFloder/Applications/ros2_ws/src/vision_opencv/vision_opencv) by extension 'colcon_pkg'
[0.138s] Level 1:colcon.colcon_core.package_identification:_identify(/home/tungchiahui/UserFloder/Applications/ros2_ws/src/vision_opencv/vision_opencv) by extensions ['colcon_meta']
[0.138s] Level 1:colcon.colcon_core.package_identification:_identify(/home/tungchiahui/UserFloder/Applications/ros2_ws/src/vision_opencv/vision_opencv) by extension 'colcon_meta'
[0.138s] Level 1:colcon.colcon_core.package_identification:_identify(/home/tungchiahui/UserFloder/Applications/ros2_ws/src/vision_opencv/vision_opencv) by extensions ['ros']
[0.138s] Level 1:colcon.colcon_core.package_identification:_identify(/home/tungchiahui/UserFloder/Applications/ros2_ws/src/vision_opencv/vision_opencv) by extension 'ros'
[0.138s] DEBUG:colcon.colcon_core.package_identification:Package '/home/tungchiahui/UserFloder/Applications/ros2_ws/src/vision_opencv/vision_opencv' with type 'ros.ament_cmake' and name 'vision_opencv'
[0.138s] Level 1:colcon.colcon_core.package_discovery:discover_packages(recursive) using defaults
